namespace Engine
{
	public interface ICanSetBody
	{
		ICanSend Body(string body);
	}
}
