namespace Engine
{
	public interface ICanSend
	{
		void Send();
	}
}
