namespace Engine
{
	public interface ICanSetTo
	{
		ICanSetToOrSubject To(string emailAddress);
	}
}
